// Jest Snapshot v1, https://goo.gl/fbAQLP

exports[`StudentController StudentController Get listStudents list successfully 1`] = `
Array [
  Object {
    "createdAt": 2022-06-08T19:51:35.260Z,
    "entry_year": 2022,
    "first_name": "s-fn-1",
    "id": 3,
    "last_name": "s-ln-1",
    "student_no": 1,
    "student_type": "associate",
    "updatedAt": 2022-06-08T19:51:35.260Z,
  },
  Object {
    "createdAt": 2022-06-08T19:51:35.260Z,
    "entry_year": 2022,
    "first_name": "s-fn-2",
    "id": 4,
    "last_name": "s-ln-2",
    "student_no": 2,
    "student_type": "bachelors",
    "updatedAt": 2022-06-08T19:51:35.260Z,
  },
]
`;
